// Jest Snapshot v1, https://goo.gl/fbAQLP

exports[`<< Header >> should render correctly 1`] = `
<div
  className="header"
>
  <span
    className="header-text"
  >
    Mo-v
  </span>
</div>
`;
